// Jest Snapshot v1, https://goo.gl/fbAQLP

exports[`<InputForm /> matches snapshot 1`] = `undefined`;
